#
# A fatal error has been detected by the Java Runtime Environment:
#
#  EXCEPTION_ACCESS_VIOLATION (0xc0000005) at pc=0x00007ffe0ee0bb31, pid=12388, tid=27240
#
# JRE version: OpenJDK Runtime Environment Temurin-22.0.2+9 (22.0.2+9) (build 22.0.2+9)
# Java VM: OpenJDK 64-Bit Server VM Temurin-22.0.2+9 (22.0.2+9, mixed mode, tiered, compressed oops, compressed class ptrs, g1 gc, windows-amd64)
# Problematic frame:
# C  [awt.dll+0xdbb31]
#
# No core dump will be written. Minidumps are not enabled by default on client versions of Windows
#
# If you would like to submit a bug report, please visit:
#   https://github.com/adoptium/adoptium-support/issues
# The crash happened outside the Java Virtual Machine in native code.
# See problematic frame for where to report the bug.
#

---------------  S U M M A R Y ------------

Command Line: -Dfile.encoding=UTF-8 -Dstdout.encoding=UTF-8 -Dstderr.encoding=UTF-8 -XX:+ShowCodeDetailsInExceptionMessages controlador.Principal

Host: 12th Gen Intel(R) Core(TM) i5-12500H, 16 cores, 15G,  Windows 11 , 64 bit Build 22621 (10.0.22621.4974)
Time: Wed Apr  2 13:27:16 2025 Hora de verano romance elapsed time: 2045.732243 seconds (0d 0h 34m 5s)

---------------  T H R E A D  ---------------

Current thread (0x0000024ed923ebe0):  JavaThread "AWT-Windows" daemon [_thread_in_native, id=27240, stack(0x0000007a12a00000,0x0000007a12b00000) (1024K)]

Stack: [0x0000007a12a00000,0x0000007a12b00000],  sp=0x0000007a12afebd0,  free space=1018k
Native frames: (J=compiled Java code, j=interpreted, Vv=VM code, C=native code)
C  [awt.dll+0xdbb31]  (no source info available)
C  [awt.dll+0x9792c]  (no source info available)
C  [awt.dll+0x979d6]  (no source info available)
C  [awt.dll+0x94d28]  (no source info available)
C  [awt.dll+0xe0d3c]  (no source info available)
C  [awt.dll+0xb0f4d]  (no source info available)
C  [awt.dll+0x97f0d]  (no source info available)
C  [USER32.dll+0x18ee8]  (no source info available)
C  [USER32.dll+0x1852b]  (no source info available)
C  [awt.dll+0x161a3]  (no source info available)
C  [COMCTL32.dll+0x18002]  (no source info available)
C  [COMCTL32.dll+0x17de7]  (no source info available)
C  [USER32.dll+0x18ee8]  (no source info available)
C  [USER32.dll+0x187a1]  (no source info available)
C  [awt.dll+0xd4fce]  (no source info available)
C  [awt.dll+0xd6f72]  (no source info available)
C  0x0000024ec440cf87  (no source info available)

The last pc belongs to native method entry point (kind = native) (printed below).
Java frames: (J=compiled Java code, j=interpreted, Vv=VM code)
j  sun.awt.windows.WToolkit.eventLoop()V+0 java.desktop@22.0.2
j  sun.awt.windows.WToolkit.run()V+50 java.desktop@22.0.2
j  java.lang.Thread.runWith(Ljava/lang/Object;Ljava/lang/Runnable;)V+5 java.base@22.0.2
j  java.lang.Thread.run()V+19 java.base@22.0.2
v  ~StubRoutines::call_stub 0x0000024ec440100d

siginfo: EXCEPTION_ACCESS_VIOLATION (0xc0000005), reading address 0xffffffffffffffff


Registers:
RAX=0x24f1114100000000, RBX=0x0000024edbb5f5e0, RCX=0x0000000000000000, RDX=0x0000000000000000
RSP=0x0000007a12afebd0, RBP=0x0000007a12afecd9, RSI=0xffffffffeb010e03, RDI=0x0000000000000000
R8 =0x0000000000000001, R9 =0x0000000000000000, R10=0x0000000000000000, R11=0x0000000000000246
R12=0x0000000000000000, R13=0x0000000000000310, R14=0x0000000000000000, R15=0x0000000080000022
RIP=0x00007ffe0ee0bb31, EFLAGS=0x0000000000010246


Register to memory mapping:

RAX=0x24f1114100000000 is an unknown value
RBX=0x0000024edbb5f5e0 points into unknown readable memory: 0x0000024ed93190e0 | e0 90 31 d9 4e 02 00 00
RCX=0x0 is null
RDX=0x0 is null
RSP=0x0000007a12afebd0 is pointing into the stack for thread: 0x0000024ed923ebe0
RBP=0x0000007a12afecd9 is pointing into the stack for thread: 0x0000024ed923ebe0
RSI=0xffffffffeb010e03 is an unknown value
RDI=0x0 is null
R8 =0x0000000000000001 is an unknown value
R9 =0x0 is null
R10=0x0 is null
R11=0x0000000000000246 is an unknown value
R12=0x0 is null
R13=0x0000000000000310 is an unknown value
R14=0x0 is null
R15=0x0000000080000022 is an unknown value

Top of Stack: (sp=0x0000007a12afebd0)
0x0000007a12afebd0:   00007ffe0ee69848 ffffffffeb010e03
0x0000007a12afebe0:   0000000000000000 0000024edb34d480
0x0000007a12afebf0:   0000000000000000 00007ffe0edc792c
0x0000007a12afec00:   ffffffffeb010e03 0000024edb34d480
0x0000007a12afec10:   0000024edbb5f5e0 0000000000000000
0x0000007a12afec20:   0000024edb34d480 00007ffe0edc79d6
0x0000007a12afec30:   00007ffe0ed30000 0000000000000000
0x0000007a12afec40:   000000000000c1e0 00007ffe5f19b5d1
0x0000007a12afec50:   0000024edb34d480 00007ffe0edc4d28
0x0000007a12afec60:   0000024edb34d480 0000000000000000
0x0000007a12afec70:   0000000000000001 00007ffe64f36b27
0x0000007a12afec80:   0000007a12afed40 0000000000000000
0x0000007a12afec90:   00007ffe0edc7eb0 0000000000000000
0x0000007a12afeca0:   0000000000000000 00007ffe64f38af3
0x0000007a12afecb0:   0000000000000000 0000007a12afed40
0x0000007a12afecc0:   0000007a12afed44 0000024ed923efa0
0x0000007a12afecd0:   0000024edb34d520 000000000000c1e0
0x0000007a12afece0:   000000000000c1e0 0000ae0025f82cd7
0x0000007a12afecf0:   0000024edac0caa0 0000000080000022
0x0000007a12afed00:   0000000000000000 0000000000000000
0x0000007a12afed10:   0000000000000000 0000000000000310
0x0000007a12afed20:   0000000000000000 0000024edb34d480
0x0000007a12afed30:   0000024edb34d480 00007ffe0ee10d3c
0x0000007a12afed40:   0000000200000002 0000000000000000
0x0000007a12afed50:   0000fc2c9bbc1d5c 0000a7277fe7ee14
0x0000007a12afed60:   0000000000000022 00000000020b0ac8
0x0000007a12afed70:   0000000000000000 0000000000000000
0x0000007a12afed80:   0000007a12afef58 00007ffe63869116
0x0000007a12afed90:   0000000000000000 00007ffe64f38af3
0x0000007a12afeda0:   ffffffffffffffeb 00007ffe6386b619
0x0000007a12afedb0:   0000000000000001 0000ae0025f82df7
0x0000007a12afedc0:   00000000020b0ac8 0000000000000000 

Instructions: (pc=0x00007ffe0ee0bb31)
0x00007ffe0ee0ba31:   83 ec 28 66 0f 6e c2 0f 5b c0 f3 0f 59 41 48 0f
0x00007ffe0ee0ba41:   5a c8 f2 0f 10 05 65 42 03 00 f2 0f 5c 0d c5 41
0x00007ffe0ee0ba51:   01 00 66 0f 2f c1 76 0a b8 00 00 00 80 48 83 c4
0x00007ffe0ee0ba61:   28 c3 66 0f 2f 0d 45 8b 02 00 76 0a b8 ff ff ff
0x00007ffe0ee0ba71:   7f 48 83 c4 28 c3 0f 28 c1 e8 ef 0d 01 00 f2 0f
0x00007ffe0ee0ba81:   2c c0 48 83 c4 28 c3 cc cc cc cc cc cc cc cc 48
0x00007ffe0ee0ba91:   83 ec 28 66 0f 6e c2 0f 5b c0 f3 0f 59 41 4c 0f
0x00007ffe0ee0baa1:   5a c8 f2 0f 10 05 05 42 03 00 f2 0f 5c 0d 65 41
0x00007ffe0ee0bab1:   01 00 66 0f 2f c1 76 0a b8 00 00 00 80 48 83 c4
0x00007ffe0ee0bac1:   28 c3 66 0f 2f 0d e5 8a 02 00 76 0a b8 ff ff ff
0x00007ffe0ee0bad1:   7f 48 83 c4 28 c3 0f 28 c1 e8 8f 0d 01 00 f2 0f
0x00007ffe0ee0bae1:   2c c0 48 83 c4 28 c3 cc cc cc cc cc cc cc cc 48
0x00007ffe0ee0baf1:   8b 49 08 48 85 c9 0f 85 c3 80 fe ff 33 c0 c3 48
0x00007ffe0ee0bb01:   89 5c 24 08 48 89 74 24 10 57 48 83 ec 20 8b fa
0x00007ffe0ee0bb11:   48 8b f1 e8 c7 c1 f4 ff 48 8b d8 48 89 44 24 40
0x00007ffe0ee0bb21:   41 b8 01 00 00 00 8b d7 48 8b c8 e8 1f c1 f4 ff
0x00007ffe0ee0bb31:   48 8b 48 08 48 85 c9 74 0d 48 8b d6 e8 7e 80 fe
0x00007ffe0ee0bb41:   ff 48 8b f8 eb 02 33 ff 48 8b cb e8 4f c3 f4 ff
0x00007ffe0ee0bb51:   90 48 8b c7 48 8b 5c 24 30 48 8b 74 24 38 48 83
0x00007ffe0ee0bb61:   c4 20 5f c3 cc cc cc cc cc cc cc cc cc cc cc 48
0x00007ffe0ee0bb71:   8b 01 89 10 c3 cc cc cc cc cc cc cc cc cc cc 40
0x00007ffe0ee0bb81:   57 48 83 ec 40 48 83 79 38 00 48 8b f9 0f 84 96
0x00007ffe0ee0bb91:   01 00 00 48 8b 0d ed a2 06 00 ba 02 00 01 00 48
0x00007ffe0ee0bba1:   89 5c 24 58 48 89 74 24 68 e8 59 f6 00 00 4c 8b
0x00007ffe0ee0bbb1:   05 02 a8 06 00 48 8b c8 48 8b 57 38 48 8b d8 4c
0x00007ffe0ee0bbc1:   8b 08 41 ff 91 f8 02 00 00 48 8b f0 48 85 c0 0f
0x00007ffe0ee0bbd1:   84 4a 01 00 00 4c 8b 0b 48 8b d0 4c 8b 05 c5 a7
0x00007ffe0ee0bbe1:   06 00 48 8b cb 41 ff 91 00 01 00 00 84 c0 0f 84
0x00007ffe0ee0bbf1:   2b 01 00 00 48 8b 7f 08 48 8b d6 48 8b 03 48 8b
0x00007ffe0ee0bc01:   cb 4c 8b 05 b7 a7 06 00 48 81 c7 00 04 00 00 48
0x00007ffe0ee0bc11:   89 6c 24 60 4c 89 7c 24 20 ff 90 f8 02 00 00 4c
0x00007ffe0ee0bc21:   8b 0b 48 8b d6 4c 8b 05 9b a7 06 00 48 8b cb 4c 


Stack slot to memory mapping:

stack at sp + 0 slots: 0x00007ffe0ee69848 awt.dll
stack at sp + 1 slots: 0xffffffffeb010e03 is an unknown value
stack at sp + 2 slots: 0x0 is null
stack at sp + 3 slots: 0x0000024edb34d480 points into unknown readable memory: 0x00007ffe0ee3b8f0 | f0 b8 e3 0e fe 7f 00 00
stack at sp + 4 slots: 0x0 is null
stack at sp + 5 slots: 0x00007ffe0edc792c awt.dll
stack at sp + 6 slots: 0xffffffffeb010e03 is an unknown value
stack at sp + 7 slots: 0x0000024edb34d480 points into unknown readable memory: 0x00007ffe0ee3b8f0 | f0 b8 e3 0e fe 7f 00 00

native method entry point (kind = native)  [0x0000024ec440cb60, 0x0000024ec440d680]  2848 bytes
[MachCode]
  0x0000024ec440cb60: 488b 4b08 | 0fb7 492e | 584c 8d74 | ccf8 6800 | 0000 0068 | 0000 0000 | 5055 488b | ec41 5568 
  0x0000024ec440cb80: 0000 0000 | 4c8b 6b08 | 4d8d 6d38 | 5348 8b53 | 0848 8b52 | 0848 8b52 | 1848 8b52 | 7048 8b12 
  0x0000024ec440cba0: 5248 8b53 | 1048 85d2 | 0f84 0700 | 0000 4881 | c210 0100 | 0052 488b | 5308 488b | 5208 488b 
  0x0000024ec440cbc0: 5210 5249 | 8bc6 482b | c548 c1e8 | 0350 6800 | 0000 0068 | f7ff ffff | 41c6 8781 | 0400 0001 
  0x0000024ec440cbe0: 488b 4310 | 4885 c074 | 208b 88cc | 0000 0083 | c102 8988 | cc00 0000 | 2388 e000 | 0000 0f84 
  0x0000024ec440cc00: cb09 0000 | e9cf 0000 | 0048 8b43 | 1848 85c0 | 0f85 b000 | 0000 e805 | 0000 00e9 | 9900 0000 
  0x0000024ec440cc20: 488b d348 | 8d44 2408 | 4c89 6dc0 | 498b cfc5 | f877 4989 | afb0 0300 | 0049 8987 | a003 0000 
  0x0000024ec440cc40: 4883 ec20 | 40f6 c40f | 0f84 1900 | 0000 4883 | ec08 48b8 | 800f 40c2 | fd7f 0000 | ffd0 4883 
  0x0000024ec440cc60: c408 e90c | 0000 0048 | b880 0f40 | c2fd 7f00 | 00ff d048 | 83c4 2049 | c787 a003 | 0000 0000 
  0x0000024ec440cc80: 0000 49c7 | 87b0 0300 | 0000 0000 | 0049 c787 | a803 0000 | 0000 0000 | c5f8 7749 | 837f 0800 
  0x0000024ec440cca0: 0f84 0500 | 0000 e955 | 42ff ff4c | 8b6d c04c | 8b75 c84e | 8d74 f500 | c348 8b43 | 1848 85c0 
  0x0000024ec440ccc0: 0f84 1200 | 0000 8b48 | 0883 c102 | 8948 0823 | 481c 0f84 | f708 0000 | 493b a7f0 | 0400 000f 
  0x0000024ec440cce0: 8748 0000 | 0089 8424 | 00f0 ffff | 8984 2400 | e0ff ff89 | 8424 00d0 | ffff 8984 | 2400 c0ff 
  0x0000024ec440cd00: ff89 8424 | 00b0 ffff | 8984 2400 | a0ff ff89 | 8424 0090 | ffff 8984 | 2400 80ff | ff49 3ba7 
  0x0000024ec440cd20: e804 0000 | 7607 4989 | a7f0 0400 | 0041 c687 | 8104 0000 | 0049 ba4c | 84cd c2fd | 7f00 0041 
  0x0000024ec440cd40: 803a 000f | 843e 0000 | 0048 8b55 | e849 8bcf | 4883 ec20 | 40f6 c40f | 0f84 1900 | 0000 4883 
  0x0000024ec440cd60: ec08 48b8 | 5046 77c2 | fd7f 0000 | ffd0 4883 | c408 e90c | 0000 0048 | b850 4677 | c2fd 7f00 
  0x0000024ec440cd80: 00ff d048 | 83c4 2048 | 8b5d e84c | 8b5b 0845 | 0fb7 5b2e | 41c1 e303 | 492b e348 | 83ec 2048 
  0x0000024ec440cda0: 83e4 f04c | 8b5b 604d | 85db 0f85 | ab00 0000 | e805 0000 | 00e9 9900 | 0000 488b | d348 8d44 
  0x0000024ec440cdc0: 2408 4c89 | 6dc0 498b | cfc5 f877 | 4989 afb0 | 0300 0049 | 8987 a003 | 0000 4883 | ec20 40f6 
  0x0000024ec440cde0: c40f 0f84 | 1900 0000 | 4883 ec08 | 48b8 a036 | 40c2 fd7f | 0000 ffd0 | 4883 c408 | e90c 0000 
  0x0000024ec440ce00: 0048 b8a0 | 3640 c2fd | 7f00 00ff | d048 83c4 | 2049 c787 | a003 0000 | 0000 0000 | 49c7 87b0 
  0x0000024ec440ce20: 0300 0000 | 0000 0049 | c787 a803 | 0000 0000 | 0000 c5f8 | 7749 837f | 0800 0f84 | 0500 0000 
  0x0000024ec440ce40: e9bb 40ff | ff4c 8b6d | c04c 8b75 | c84e 8d74 | f500 c348 | 8b5d e84c | 8b5b 6041 | ffd3 488b 
  0x0000024ec440ce60: 5de8 4889 | 4518 448b | 5b28 41f6 | c308 0f84 | 1b00 0000 | 4c8b 5b08 | 4d8b 5b08 | 4d8b 5b18 
  0x0000024ec440ce80: 4d8b 5b70 | 4d8b 1b4c | 895d 1048 | 8d55 1048 | 8b43 5849 | ba40 9c77 | c2fd 7f00 | 0049 3bc2 
  0x0000024ec440cea0: 0f85 ab00 | 0000 e805 | 0000 00e9 | 9900 0000 | 488b d348 | 8d44 2408 | 4c89 6dc0 | 498b cfc5 
  0x0000024ec440cec0: f877 4989 | afb0 0300 | 0049 8987 | a003 0000 | 4883 ec20 | 40f6 c40f | 0f84 1900 | 0000 4883 
  0x0000024ec440cee0: ec08 48b8 | a036 40c2 | fd7f 0000 | ffd0 4883 | c408 e90c | 0000 0048 | b8a0 3640 | c2fd 7f00 
  0x0000024ec440cf00: 00ff d048 | 83c4 2049 | c787 a003 | 0000 0000 | 0000 49c7 | 87b0 0300 | 0000 0000 | 0049 c787 
  0x0000024ec440cf20: a803 0000 | 0000 0000 | c5f8 7749 | 837f 0800 | 0f84 0500 | 0000 e9c5 | 3fff ff4c | 8b6d c04c 
  0x0000024ec440cf40: 8b75 c84e | 8d74 f500 | c348 8b5d | e848 8b43 | 5849 8d8f | c003 0000 | c5f8 7749 | 89af b003 
  0x0000024ec440cf60: 0000 49ba | 58cf 40c4 | 4e02 0000 | 4d89 97a8 | 0300 0049 | 89a7 a003 | 0000 41c7 | 8754 0400 
  0x0000024ec440cf80: 0004 0000 | 00ff d0c5 | f877 4883 | ec10 c5fb | 1104 2448 | 83ec 1048 | 8904 2448 | c744 2408 
  0x0000024ec440cfa0: 0000 0000 | 41c7 8754 | 0400 0005 | 0000 00f0 | 8344 24c0 | 0049 3baf | 5804 0000 | 0f87 0e00 
  0x0000024ec440cfc0: 0000 4183 | bf50 0400 | 0000 0f84 | 2000 0000 | 498b cf4c | 8be4 4883 | ec20 4883 | e4f0 48b8 
  0x0000024ec440cfe0: d08b 41c2 | fd7f 0000 | ffd0 498b | e44d 33e4 | 41c7 8754 | 0400 0008 | 0000 0049 | c787 a003 
  0x0000024ec440d000: 0000 0000 | 0000 49c7 | 87b0 0300 | 0000 0000 | 0049 c787 | a803 0000 | 0000 0000 | c5f8 774d 
  0x0000024ec440d020: 8b9f 3004 | 0000 41c7 | 8300 0100 | 0000 0000 | 0049 bbda | a440 c44e | 0200 004c | 3b5d 180f 
  0x0000024ec440d040: 8524 0200 | 0048 8b04 | 2448 83c4 | 1048 85c0 | 0f84 fe01 | 0000 a803 | 0f85 0800 | 0000 488b 
  0x0000024ec440d060: 00e9 ee01 | 0000 a801 | 0f85 0900 | 0000 488b | 40fe e9dd | 0100 0048 | 8b40 ff41 | 807f 3800 
  0x0000024ec440d080: 0f84 ce01 | 0000 4883 | f800 0f84 | c401 0000 | 4d8b 5f28 | 4983 fb00 | 0f84 1400 | 0000 4983 
  0x0000024ec440d0a0: eb08 4d89 | 5f28 4d03 | 5f30 4989 | 03e9 a201 | 0000 4881 | ecd0 0000 | 0048 8904 | 2448 894c 
  0x0000024ec440d0c0: 2408 4889 | 5424 1048 | 8974 2418 | 4889 7c24 | 204c 8944 | 2428 4c89 | 4c24 304c | 8954 2438 
  0x0000024ec440d0e0: 4c89 5c24 | 40c5 fb11 | 4424 50c5 | fb11 4c24 | 58c5 fb11 | 5424 60c5 | fb11 5c24 | 68c5 fb11 
  0x0000024ec440d100: 6424 70c5 | fb11 6c24 | 78c5 fb11 | b424 8000 | 0000 c5fb | 11bc 2488 | 0000 00c5 | 7b11 8424 
  0x0000024ec440d120: 9000 0000 | c57b 118c | 2498 0000 | 00c5 7b11 | 9424 a000 | 0000 c57b | 119c 24a8 | 0000 00c5 
  0x0000024ec440d140: 7b11 a424 | b000 0000 | c57b 11ac | 24b8 0000 | 00c5 7b11 | b424 c000 | 0000 c57b | 11bc 24c8 
  0x0000024ec440d160: 0000 0049 | 8bd7 488b | c848 83ec | 2040 f6c4 | 0f0f 8419 | 0000 0048 | 83ec 0848 | b800 b634 
  0x0000024ec440d180: c2fd 7f00 | 00ff d048 | 83c4 08e9 | 0c00 0000 | 48b8 00b6 | 34c2 fd7f | 0000 ffd0 | 4883 c420 
  0x0000024ec440d1a0: c57b 10bc | 24c8 0000 | 00c5 7b10 | b424 c000 | 0000 c57b | 10ac 24b8 | 0000 00c5 | 7b10 a424 
  0x0000024ec440d1c0: b000 0000 | c57b 109c | 24a8 0000 | 00c5 7b10 | 9424 a000 | 0000 c57b | 108c 2498 | 0000 00c5 
  0x0000024ec440d1e0: 7b10 8424 | 9000 0000 | c5fb 10bc | 2488 0000 | 00c5 fb10 | b424 8000 | 0000 c5fb | 106c 2478 
  0x0000024ec440d200: c5fb 1064 | 2470 c5fb | 105c 2468 | c5fb 1054 | 2460 c5fb | 104c 2458 | c5fb 1044 | 2450 4c8b 
  0x0000024ec440d220: 5c24 404c | 8b54 2438 | 4c8b 4c24 | 304c 8b44 | 2428 488b | 7c24 2048 | 8b74 2418 | 488b 5424 
  0x0000024ec440d240: 1048 8b4c | 2408 488b | 0424 4881 | c4d0 0000 | 00c5 f877 | 4889 4510 | 4883 ec10 | 4889 0424 
  0x0000024ec440d260: 48c7 4424 | 0800 0000 | 0041 83bf | d004 0000 | 020f 85bf | 0000 0048 | 81ec 8000 | 0000 4889 
  0x0000024ec440d280: 4424 7848 | 894c 2470 | 4889 5424 | 6848 895c | 2460 4889 | 6c24 5048 | 8974 2448 | 4889 7c24 
  0x0000024ec440d2a0: 404c 8944 | 2438 4c89 | 4c24 304c | 8954 2428 | 4c89 5c24 | 204c 8964 | 2418 4c89 | 6c24 104c 
  0x0000024ec440d2c0: 8974 2408 | 4c89 3c24 | 4c8b e448 | 83ec 2048 | 83e4 f048 | b890 7e77 | c2fd 7f00 | 00ff d049 
  0x0000024ec440d2e0: 8be4 4c8b | 3c24 4c8b | 7424 084c | 8b6c 2410 | 4c8b 6424 | 184c 8b5c | 2420 4c8b | 5424 284c 
  0x0000024ec440d300: 8b4c 2430 | 4c8b 4424 | 3848 8b7c | 2440 488b | 7424 4848 | 8b6c 2450 | 488b 5c24 | 6048 8b54 
  0x0000024ec440d320: 2468 488b | 4c24 7048 | 8b44 2478 | 4881 c480 | 0000 004d | 33e4 488b | 5de8 4c8b | 6b08 4d8d 
  0x0000024ec440d340: 6d38 4983 | 7f08 000f | 84bb 0000 | 00e8 0500 | 0000 e996 | 0000 0048 | 8d44 2408 | 4c89 6dc0 
  0x0000024ec440d360: 498b cfc5 | f877 4989 | afb0 0300 | 0049 8987 | a003 0000 | 4883 ec20 | 40f6 c40f | 0f84 1900 
  0x0000024ec440d380: 0000 4883 | ec08 48b8 | f054 40c2 | fd7f 0000 | ffd0 4883 | c408 e90c | 0000 0048 | b8f0 5440 
  0x0000024ec440d3a0: c2fd 7f00 | 00ff d048 | 83c4 2049 | c787 a003 | 0000 0000 | 0000 49c7 | 87b0 0300 | 0000 0000 
  0x0000024ec440d3c0: 0049 c787 | a803 0000 | 0000 0000 | c5f8 7749 | 837f 0800 | 0f84 0500 | 0000 e921 | 3bff ff4c 
  0x0000024ec440d3e0: 8b6d c04c | 8b75 c84e | 8d74 f500 | c348 b978 | b1a3 c2fd | 7f00 0048 | 83e4 f048 | b8a0 fe65 
  0x0000024ec440d400: c2fd 7f00 | 00ff d0f4 | 448b 5b28 | 41f6 c320 | 0f84 4401 | 0000 488d | 55a8 4c8b | 5a08 4d85 
  0x0000024ec440d420: db0f 85bb | 0000 00e8 | 0500 0000 | e996 0000 | 0048 8d44 | 2408 4c89 | 6dc0 498b | cfc5 f877 
  0x0000024ec440d440: 4989 afb0 | 0300 0049 | 8987 a003 | 0000 4883 | ec20 40f6 | c40f 0f84 | 1900 0000 | 4883 ec08 
  0x0000024ec440d460: 48b8 2054 | 40c2 fd7f | 0000 ffd0 | 4883 c408 | e90c 0000 | 0048 b820 | 5440 c2fd | 7f00 00ff 
  0x0000024ec440d480: d048 83c4 | 2049 c787 | a003 0000 | 0000 0000 | 49c7 87b0 | 0300 0000 | 0000 0049 | c787 a803 
  0x0000024ec440d4a0: 0000 0000 | 0000 c5f8 | 7749 837f | 0800 0f84 | 0500 0000 | e947 3aff | ff4c 8b6d | c04c 8b75 
  0x0000024ec440d4c0: c84e 8d74 | f500 c348 | b978 b1a3 | c2fd 7f00 | 0048 83e4 | f048 b8a0 | fe65 c2fd | 7f00 00ff 
  0x0000024ec440d4e0: d0f4 4c89 | 6dc0 488d | 024c 8b4a | 0848 c742 | 0800 0000 | 004c 8b00 | 4d85 c00f | 840b 0000 
  0x0000024ec440d500: 00f0 4d0f | b101 0f85 | 0c00 0000 | 49ff 8f58 | 0500 00e9 | 3e00 0000 | 4c89 4a08 | 488b ca48 
  0x0000024ec440d520: 83ec 2040 | f6c4 0f0f | 8419 0000 | 0048 83ec | 0848 b8a0 | 2640 c2fd | 7f00 00ff | d048 83c4 
  0x0000024ec440d540: 08e9 0c00 | 0000 48b8 | a026 40c2 | fd7f 0000 | ffd0 4883 | c420 4c8b | 6dc0 49ba | 4c84 cdc2 
  0x0000024ec440d560: fd7f 0000 | 4180 3a00 | 0f84 3e00 | 0000 488b | 55e8 498b | cf48 83ec | 2040 f6c4 | 0f0f 8419 
  0x0000024ec440d580: 0000 0048 | 83ec 0848 | b850 4677 | c2fd 7f00 | 00ff d048 | 83c4 08e9 | 0c00 0000 | 48b8 5046 
  0x0000024ec440d5a0: 77c2 fd7f | 0000 ffd0 | 4883 c420 | 488b 0424 | 4883 c410 | c5fb 1004 | 2448 83c4 | 104c 8b5d 
  0x0000024ec440d5c0: 1841 ffd3 | 4c8b 5df8 | c95f 498b | e3ff e7ba | 0000 0000 | e805 0000 | 00e9 9600 | 0000 488d 
  0x0000024ec440d5e0: 4424 084c | 896d c049 | 8bcf c5f8 | 7749 89af | b003 0000 | 4989 87a0 | 0300 0048 | 83ec 2040 
  0x0000024ec440d600: f6c4 0f0f | 8419 0000 | 0048 83ec | 0848 b860 | 1a40 c2fd | 7f00 00ff | d048 83c4 | 08e9 0c00 
  0x0000024ec440d620: 0000 48b8 | 601a 40c2 | fd7f 0000 | ffd0 4883 | c420 49c7 | 87a0 0300 | 0000 0000 | 0049 c787 
  0x0000024ec440d640: b003 0000 | 0000 0000 | 49c7 87a8 | 0300 0000 | 0000 00c5 | f877 4983 | 7f08 000f | 8405 0000 
  0x0000024ec440d660: 00e9 9a38 | ffff 4c8b | 6dc0 4c8b | 75c8 4e8d | 74f5 00c3 | 488b 5de8 | e95b f6ff | ff66 6690 
[/MachCode]

---------------  P R O C E S S  ---------------

Threads class SMR info:
_java_thread_list=0x0000024ed96fae50, length=17, elements={
0x0000024ed4838e50, 0x0000024ed48394c0, 0x0000024ed4849900, 0x0000024ed4847d40,
0x0000024ed48488d0, 0x0000024ed4827440, 0x0000024ed4819e30, 0x0000024ed484d640,
0x0000024ed49e2100, 0x0000024ed49eefc0, 0x0000024ed923d200, 0x0000024ed92491c0,
0x0000024ed923ebe0, 0x0000024ed923fe70, 0x0000024eb723f2b0, 0x0000024edaff6410,
0x0000024edaff4340
}

Java Threads: ( => current thread )
  0x0000024ed4838e50 JavaThread "Reference Handler"          daemon [_thread_blocked, id=29496, stack(0x0000007a11c00000,0x0000007a11d00000) (1024K)]
  0x0000024ed48394c0 JavaThread "Finalizer"                  daemon [_thread_blocked, id=31532, stack(0x0000007a11d00000,0x0000007a11e00000) (1024K)]
  0x0000024ed4849900 JavaThread "Signal Dispatcher"          daemon [_thread_blocked, id=20264, stack(0x0000007a11e00000,0x0000007a11f00000) (1024K)]
  0x0000024ed4847d40 JavaThread "Attach Listener"            daemon [_thread_blocked, id=6384, stack(0x0000007a11f00000,0x0000007a12000000) (1024K)]
  0x0000024ed48488d0 JavaThread "Service Thread"             daemon [_thread_blocked, id=18576, stack(0x0000007a12000000,0x0000007a12100000) (1024K)]
  0x0000024ed4827440 JavaThread "Monitor Deflation Thread"   daemon [_thread_blocked, id=26200, stack(0x0000007a12100000,0x0000007a12200000) (1024K)]
  0x0000024ed4819e30 JavaThread "C2 CompilerThread0"         daemon [_thread_blocked, id=15236, stack(0x0000007a12200000,0x0000007a12300000) (1024K)]
  0x0000024ed484d640 JavaThread "C1 CompilerThread0"         daemon [_thread_blocked, id=3096, stack(0x0000007a12300000,0x0000007a12400000) (1024K)]
  0x0000024ed49e2100 JavaThread "Notification Thread"        daemon [_thread_blocked, id=24864, stack(0x0000007a12500000,0x0000007a12600000) (1024K)]
  0x0000024ed49eefc0 JavaThread "Common-Cleaner"             daemon [_thread_blocked, id=19372, stack(0x0000007a12600000,0x0000007a12700000) (1024K)]
  0x0000024ed923d200 JavaThread "Java2D Disposer"            daemon [_thread_blocked, id=18776, stack(0x0000007a12800000,0x0000007a12900000) (1024K)]
  0x0000024ed92491c0 JavaThread "AWT-Shutdown"                      [_thread_blocked, id=9956, stack(0x0000007a12900000,0x0000007a12a00000) (1024K)]
=>0x0000024ed923ebe0 JavaThread "AWT-Windows"                daemon [_thread_in_native, id=27240, stack(0x0000007a12a00000,0x0000007a12b00000) (1024K)]
  0x0000024ed923fe70 JavaThread "AWT-EventQueue-0"                  [_thread_in_native, id=28928, stack(0x0000007a12b00000,0x0000007a12c00000) (1024K)]
  0x0000024eb723f2b0 JavaThread "DestroyJavaVM"                     [_thread_blocked, id=34728, stack(0x0000007a11400000,0x0000007a11500000) (1024K)]
  0x0000024edaff6410 JavaThread "TimerQueue"                 daemon [_thread_blocked, id=33072, stack(0x0000007a13300000,0x0000007a13400000) (1024K)]
  0x0000024edaff4340 JavaThread "mysql-cj-abandoned-connection-cleanup" daemon [_thread_blocked, id=31480, stack(0x0000007a12c00000,0x0000007a12d00000) (1024K)]
Total: 17

Other Threads:
  0x0000024ed477d3b0 VMThread "VM Thread"                           [id=29360, stack(0x0000007a11b00000,0x0000007a11c00000) (1024K)]
  0x0000024ed472a6c0 WatcherThread "VM Periodic Task Thread"        [id=34064, stack(0x0000007a11a00000,0x0000007a11b00000) (1024K)]
  0x0000024eb95250b0 WorkerThread "GC Thread#0"                     [id=31052, stack(0x0000007a11500000,0x0000007a11600000) (1024K)]
  0x0000024ed95d37c0 WorkerThread "GC Thread#1"                     [id=26796, stack(0x0000007a12e00000,0x0000007a12f00000) (1024K)]
  0x0000024ed95d3b70 WorkerThread "GC Thread#2"                     [id=15696, stack(0x0000007a12f00000,0x0000007a13000000) (1024K)]
  0x0000024edaabb0b0 WorkerThread "GC Thread#3"                     [id=28876, stack(0x0000007a13400000,0x0000007a13500000) (1024K)]
  0x0000024edae6c970 WorkerThread "GC Thread#4"                     [id=32080, stack(0x0000007a13500000,0x0000007a13600000) (1024K)]
  0x0000024edae6cd20 WorkerThread "GC Thread#5"                     [id=29200, stack(0x0000007a13600000,0x0000007a13700000) (1024K)]
  0x0000024edb4c6500 WorkerThread "GC Thread#6"                     [id=31528, stack(0x0000007a13700000,0x0000007a13800000) (1024K)]
  0x0000024edb4c68b0 WorkerThread "GC Thread#7"                     [id=10748, stack(0x0000007a13800000,0x0000007a13900000) (1024K)]
  0x0000024edb4c6c60 WorkerThread "GC Thread#8"                     [id=20824, stack(0x0000007a13900000,0x0000007a13a00000) (1024K)]
  0x0000024edb4c7010 WorkerThread "GC Thread#9"                     [id=25636, stack(0x0000007a13a00000,0x0000007a13b00000) (1024K)]
  0x0000024edaf74a60 WorkerThread "GC Thread#10"                    [id=31608, stack(0x0000007a13d00000,0x0000007a13e00000) (1024K)]
  0x0000024edb5a8670 WorkerThread "GC Thread#11"                    [id=20724, stack(0x0000007a13e00000,0x0000007a13f00000) (1024K)]
  0x0000024edb5b71b0 WorkerThread "GC Thread#12"                    [id=34720, stack(0x0000007a13c00000,0x0000007a13d00000) (1024K)]
  0x0000024eb9535c60 ConcurrentGCThread "G1 Main Marker"            [id=14756, stack(0x0000007a11600000,0x0000007a11700000) (1024K)]
  0x0000024eb95370c0 WorkerThread "G1 Conc#0"                       [id=16888, stack(0x0000007a11700000,0x0000007a11800000) (1024K)]
  0x0000024edb4c18b0 WorkerThread "G1 Conc#1"                       [id=17388, stack(0x0000007a13f00000,0x0000007a14000000) (1024K)]
  0x0000024edae6d8f0 WorkerThread "G1 Conc#2"                       [id=26668, stack(0x0000007a14000000,0x0000007a14100000) (1024K)]
  0x0000024ed45fbeb0 ConcurrentGCThread "G1 Refine#0"               [id=15508, stack(0x0000007a11800000,0x0000007a11900000) (1024K)]
  0x0000024ed45fc6e0 ConcurrentGCThread "G1 Service"                [id=24232, stack(0x0000007a11900000,0x0000007a11a00000) (1024K)]
Total: 21

Threads with active compile tasks:
Total: 0

VM state: not at safepoint (normal execution)

VM Mutex/Monitor currently owned by a thread: None

Heap address: 0x0000000704400000, size: 4028 MB, Compressed Oops mode: Zero based, Oop shift amount: 3

CDS archive(s) not mapped
Compressed class space mapped at: 0x00000000a5000000-0x00000000e5000000, reserved size: 1073741824
Narrow klass base: 0x0000000000000000, Narrow klass shift: 0, Narrow klass range: 0xe5000000

GC Precious Log:
 CardTable entry size: 512
 Card Set container configuration: InlinePtr #cards 4 size 8 Array Of Cards #cards 16 size 48 Howl #buckets 8 coarsen threshold 3686 Howl Bitmap #cards 512 size 80 coarsen threshold 460 Card regions per heap region 1 cards per card region 4096
 CPUs: 16 total, 16 available
 Memory: 16107M
 Large Page Support: Disabled
 NUMA Support: Disabled
 Compressed Oops: Enabled (Zero based)
 Heap Region Size: 2M
 Heap Min Capacity: 8M
 Heap Initial Capacity: 252M
 Heap Max Capacity: 4028M
 Pre-touch: Disabled
 Parallel Workers: 13
 Concurrent Workers: 3
 Concurrent Refinement Workers: 13
 Periodic GC: Disabled

Heap:
 garbage-first heap   total reserved 4124672K, committed 92160K, used 52949K [0x0000000704400000, 0x0000000800000000)
  region size 2048K, 2 young (4096K), 1 survivors (2048K)
 Metaspace       used 24348K, committed 24576K, reserved 1114112K
  class space    used 2482K, committed 2560K, reserved 1048576K

Heap Regions: E=young(eden), S=young(survivor), O=old, HS=humongous(starts), HC=humongous(continues), CS=collection set, F=free, TAMS=top-at-mark-start, PB=parsable bottom
|   0|0x0000000704400000, 0x0000000704600000, 0x0000000704600000|100%|HS|  |TAMS 0x0000000704400000| PB 0x0000000704400000| Complete |  0
|   1|0x0000000704600000, 0x0000000704800000, 0x0000000704800000|100%|HC|  |TAMS 0x0000000704600000| PB 0x0000000704600000| Complete |  0
|   2|0x0000000704800000, 0x0000000704a00000, 0x0000000704a00000|100%|HC|  |TAMS 0x0000000704800000| PB 0x0000000704800000| Complete |  0
|   3|0x0000000704a00000, 0x0000000704c00000, 0x0000000704c00000|100%|HC|  |TAMS 0x0000000704a00000| PB 0x0000000704a00000| Complete |  0
|   4|0x0000000704c00000, 0x0000000704e00000, 0x0000000704e00000|100%|HS|  |TAMS 0x0000000704c00000| PB 0x0000000704c00000| Complete |  0
|   5|0x0000000704e00000, 0x0000000705000000, 0x0000000705000000|100%|HS|  |TAMS 0x0000000704e00000| PB 0x0000000704e00000| Complete |  0
|   6|0x0000000705000000, 0x0000000705200000, 0x0000000705200000|100%|HC|  |TAMS 0x0000000705000000| PB 0x0000000705000000| Complete |  0
|   7|0x0000000705200000, 0x0000000705400000, 0x0000000705400000|100%| O|  |TAMS 0x0000000705200000| PB 0x0000000705200000| Untracked |  0
|   8|0x0000000705400000, 0x0000000705400000, 0x0000000705600000|  0%| F|  |TAMS 0x0000000705400000| PB 0x0000000705400000| Untracked |  0
|   9|0x0000000705600000, 0x0000000705800000, 0x0000000705800000|100%|HS|  |TAMS 0x0000000705600000| PB 0x0000000705600000| Complete |  0
|  10|0x0000000705800000, 0x0000000705a00000, 0x0000000705a00000|100%|HC|  |TAMS 0x0000000705800000| PB 0x0000000705800000| Complete |  0
|  11|0x0000000705a00000, 0x0000000705c00000, 0x0000000705c00000|100%|HC|  |TAMS 0x0000000705a00000| PB 0x0000000705a00000| Complete |  0
|  12|0x0000000705c00000, 0x0000000705e00000, 0x0000000705e00000|100%|HC|  |TAMS 0x0000000705c00000| PB 0x0000000705c00000| Complete |  0
|  13|0x0000000705e00000, 0x0000000706000000, 0x0000000706000000|100%|HC|  |TAMS 0x0000000705e00000| PB 0x0000000705e00000| Complete |  0
|  14|0x0000000706000000, 0x0000000706200000, 0x0000000706200000|100%|HC|  |TAMS 0x0000000706000000| PB 0x0000000706000000| Complete |  0
|  15|0x0000000706200000, 0x0000000706400000, 0x0000000706400000|100%|HC|  |TAMS 0x0000000706200000| PB 0x0000000706200000| Complete |  0
|  16|0x0000000706400000, 0x0000000706600000, 0x0000000706600000|100%|HC|  |TAMS 0x0000000706400000| PB 0x0000000706400000| Complete |  0
|  17|0x0000000706600000, 0x0000000706800000, 0x0000000706800000|100%|HC|  |TAMS 0x0000000706600000| PB 0x0000000706600000| Complete |  0
|  18|0x0000000706800000, 0x0000000706a00000, 0x0000000706a00000|100%|HC|  |TAMS 0x0000000706800000| PB 0x0000000706800000| Complete |  0
|  19|0x0000000706a00000, 0x0000000706c00000, 0x0000000706c00000|100%|HC|  |TAMS 0x0000000706a00000| PB 0x0000000706a00000| Complete |  0
|  20|0x0000000706c00000, 0x0000000706e00000, 0x0000000706e00000|100%|HC|  |TAMS 0x0000000706c00000| PB 0x0000000706c00000| Complete |  0
|  21|0x0000000706e00000, 0x0000000707000000, 0x0000000707000000|100%|HC|  |TAMS 0x0000000706e00000| PB 0x0000000706e00000| Complete |  0
|  22|0x0000000707000000, 0x0000000707200000, 0x0000000707200000|100%|HC|  |TAMS 0x0000000707000000| PB 0x0000000707000000| Complete |  0
|  23|0x0000000707200000, 0x0000000707400000, 0x0000000707400000|100%|HC|  |TAMS 0x0000000707200000| PB 0x0000000707200000| Complete |  0
|  24|0x0000000707400000, 0x0000000707600000, 0x0000000707600000|100%|HC|  |TAMS 0x0000000707400000| PB 0x0000000707400000| Complete |  0
|  25|0x0000000707600000, 0x0000000707800000, 0x0000000707800000|100%| O|  |TAMS 0x0000000707600000| PB 0x0000000707600000| Untracked |  0
|  26|0x0000000707800000, 0x000000070784b700, 0x0000000707a00000| 14%| O|  |TAMS 0x0000000707800000| PB 0x0000000707800000| Untracked |  0
|  27|0x0000000707a00000, 0x0000000707a00000, 0x0000000707c00000|  0%| F|  |TAMS 0x0000000707a00000| PB 0x0000000707a00000| Untracked |  0
|  28|0x0000000707c00000, 0x0000000707c00000, 0x0000000707e00000|  0%| F|  |TAMS 0x0000000707c00000| PB 0x0000000707c00000| Untracked |  0
|  29|0x0000000707e00000, 0x0000000707e00000, 0x0000000708000000|  0%| F|  |TAMS 0x0000000707e00000| PB 0x0000000707e00000| Untracked |  0
|  30|0x0000000708000000, 0x0000000708000000, 0x0000000708200000|  0%| F|  |TAMS 0x0000000708000000| PB 0x0000000708000000| Untracked |  0
|  31|0x0000000708200000, 0x0000000708200000, 0x0000000708400000|  0%| F|  |TAMS 0x0000000708200000| PB 0x0000000708200000| Untracked |  0
|  32|0x0000000708400000, 0x0000000708400000, 0x0000000708600000|  0%| F|  |TAMS 0x0000000708400000| PB 0x0000000708400000| Untracked |  0
|  33|0x0000000708600000, 0x0000000708600000, 0x0000000708800000|  0%| F|  |TAMS 0x0000000708600000| PB 0x0000000708600000| Untracked |  0
|  34|0x0000000708800000, 0x0000000708800000, 0x0000000708a00000|  0%| F|  |TAMS 0x0000000708800000| PB 0x0000000708800000| Untracked |  0
|  35|0x0000000708a00000, 0x0000000708a00000, 0x0000000708c00000|  0%| F|  |TAMS 0x0000000708a00000| PB 0x0000000708a00000| Untracked |  0
|  36|0x0000000708c00000, 0x0000000708c00000, 0x0000000708e00000|  0%| F|  |TAMS 0x0000000708c00000| PB 0x0000000708c00000| Untracked |  0
|  37|0x0000000708e00000, 0x0000000708e00000, 0x0000000709000000|  0%| F|  |TAMS 0x0000000708e00000| PB 0x0000000708e00000| Untracked |  0
|  38|0x0000000709000000, 0x0000000709000000, 0x0000000709200000|  0%| F|  |TAMS 0x0000000709000000| PB 0x0000000709000000| Untracked |  0
|  39|0x0000000709200000, 0x0000000709200000, 0x0000000709400000|  0%| F|  |TAMS 0x0000000709200000| PB 0x0000000709200000| Untracked |  0
|  40|0x0000000709400000, 0x000000070956a088, 0x0000000709600000| 70%| S|CS|TAMS 0x0000000709400000| PB 0x0000000709400000| Complete |  0
|  41|0x0000000709600000, 0x0000000709600000, 0x0000000709800000|  0%| F|  |TAMS 0x0000000709600000| PB 0x0000000709600000| Untracked |  0
|  42|0x0000000709800000, 0x0000000709800000, 0x0000000709a00000|  0%| F|  |TAMS 0x0000000709800000| PB 0x0000000709800000| Untracked |  0
| 119|0x0000000713200000, 0x0000000713200000, 0x0000000713400000|  0%| F|  |TAMS 0x0000000713200000| PB 0x0000000713200000| Untracked |  0
| 125|0x0000000713e00000, 0x0000000713fe6d20, 0x0000000714000000| 95%| E|  |TAMS 0x0000000713e00000| PB 0x0000000713e00000| Complete |  0

Card table byte_map: [0x0000024ecd010000,0x0000024ecd7f0000] _byte_map_base: 0x0000024ec97ee000

Marking Bits: (CMBitMap*) 0x0000024eb95257c0
 Bits: [0x0000024ecd7f0000, 0x0000024ed16e0000)

Polling page: 0x0000024eb8c80000

Metaspace:

Usage:
  Non-class:     21.35 MB used.
      Class:      2.42 MB used.
       Both:     23.78 MB used.

Virtual space:
  Non-class space:       64.00 MB reserved,      21.50 MB ( 34%) committed,  1 nodes.
      Class space:        1.00 GB reserved,       2.50 MB ( <1%) committed,  1 nodes.
             Both:        1.06 GB reserved,      24.00 MB (  2%) committed. 

Chunk freelists:
   Non-Class:  10.31 MB
       Class:  13.50 MB
        Both:  23.82 MB

MaxMetaspaceSize: unlimited
CompressedClassSpaceSize: 1.00 GB
Initial GC threshold: 21.00 MB
Current GC threshold: 38.06 MB
CDS: off
 - commit_granule_bytes: 65536.
 - commit_granule_words: 8192.
 - virtual_space_node_default_size: 8388608.
 - enlarge_chunks_in_place: 1.
 - use_allocation_guard: 0.


Internal statistics:

num_allocs_failed_limit: 3.
num_arena_births: 260.
num_arena_deaths: 0.
num_vsnodes_births: 2.
num_vsnodes_deaths: 0.
num_space_committed: 384.
num_space_uncommitted: 0.
num_chunks_returned_to_freelist: 3.
num_chunks_taken_from_freelist: 507.
num_chunk_merges: 3.
num_chunk_splits: 286.
num_chunks_enlarged: 135.
num_inconsistent_stats: 0.

CodeHeap 'non-profiled nmethods': size=119168Kb used=887Kb max_used=887Kb free=118280Kb
 bounds [0x0000024ec4b50000, 0x0000024ec4dc0000, 0x0000024ecbfb0000]
CodeHeap 'profiled nmethods': size=119104Kb used=5220Kb max_used=5220Kb free=113883Kb
 bounds [0x0000024ebcfb0000, 0x0000024ebd4d0000, 0x0000024ec4400000]
CodeHeap 'non-nmethods': size=7488Kb used=1679Kb max_used=3402Kb free=5808Kb
 bounds [0x0000024ec4400000, 0x0000024ec4760000, 0x0000024ec4b50000]
 total_blobs=3417 nmethods=2693 adapters=628
 compilation: enabled
              stopped_count=0, restarted_count=0
 full_count=0

Compilation events (20 events):
Event: 1200.708 Thread 0x0000024ed484d640 2869       3       jdk.internal.loader.URLClassPath$FileLoader::findResource (18 bytes)
Event: 1200.709 Thread 0x0000024ed484d640 nmethod 2869 0x0000024ebd4c3d10 code [0x0000024ebd4c3ee0, 0x0000024ebd4c4158]
Event: 1230.758 Thread 0x0000024ed4819e30 2870       4       jdk.internal.misc.Unsafe::putIntOpaque (9 bytes)
Event: 1230.758 Thread 0x0000024ed484d640 2871       3       java.lang.Thread::getContextClassLoader (30 bytes)
Event: 1230.758 Thread 0x0000024ed484d640 nmethod 2871 0x0000024ebd4c4290 code [0x0000024ebd4c4440, 0x0000024ebd4c4698]
Event: 1230.758 Thread 0x0000024ed4819e30 nmethod 2870 0x0000024ec4c2d990 code [0x0000024ec4c2db00, 0x0000024ec4c2db88]
Event: 1240.788 Thread 0x0000024ed4819e30 2872       4       java.util.concurrent.locks.AbstractQueuedSynchronizer$Node::setStatusRelaxed (12 bytes)
Event: 1240.789 Thread 0x0000024ed4819e30 nmethod 2872 0x0000024ec4c2dc90 code [0x0000024ec4c2de00, 0x0000024ec4c2de80]
Event: 1275.887 Thread 0x0000024ed484d640 2873   !   3       jdk.internal.loader.URLClassPath::check (123 bytes)
Event: 1275.887 Thread 0x0000024ed484d640 nmethod 2873 0x0000024ebd4c4790 code [0x0000024ebd4c4940, 0x0000024ebd4c4b10]
Event: 1280.902 Thread 0x0000024ed484d640 2874   !   3       com.mysql.cj.jdbc.AbandonedConnectionCleanupThread::checkThreadContextClassLoader (20 bytes)
Event: 1280.902 Thread 0x0000024ed484d640 nmethod 2874 0x0000024ebd4c4c10 code [0x0000024ebd4c4e20, 0x0000024ebd4c5438]
Event: 2045.683 Thread 0x0000024ed484d640 2875       3       java.lang.invoke.MethodHandles$Lookup::findBoundCallerLookup (30 bytes)
Event: 2045.684 Thread 0x0000024ed484d640 nmethod 2875 0x0000024ebd4c5710 code [0x0000024ebd4c5900, 0x0000024ebd4c5f10]
Event: 2045.684 Thread 0x0000024ed484d640 2876       3       java.lang.invoke.MethodHandles$Lookup::getDirectMethodCommon (300 bytes)
Event: 2045.686 Thread 0x0000024ed484d640 nmethod 2876 0x0000024ebd4c6110 code [0x0000024ebd4c6480, 0x0000024ebd4c75c0]
Event: 2045.686 Thread 0x0000024ed484d640 2877       3       java.lang.invoke.MethodHandles$Lookup::checkMethod (87 bytes)
Event: 2045.687 Thread 0x0000024ed484d640 nmethod 2877 0x0000024ebd4c7c10 code [0x0000024ebd4c7e20, 0x0000024ebd4c8478]
Event: 2045.687 Thread 0x0000024ed484d640 2878       3       java.lang.invoke.MethodHandles$Lookup::maybeBindCaller (72 bytes)
Event: 2045.687 Thread 0x0000024ed484d640 nmethod 2878 0x0000024ebd4c8690 code [0x0000024ebd4c88c0, 0x0000024ebd4c8ff0]

GC Heap History (12 events):
Event: 2.203 GC heap before
{Heap before GC invocations=0 (full 0):
 garbage-first heap   total reserved 4124672K, committed 258048K, used 38912K [0x0000000704400000, 0x0000000800000000)
  region size 2048K, 12 young (24576K), 0 survivors (0K)
 Metaspace       used 17761K, committed 17984K, reserved 1114112K
  class space    used 1811K, committed 1920K, reserved 1048576K
}
Event: 2.206 GC heap after
{Heap after GC invocations=1 (full 0):
 garbage-first heap   total reserved 4124672K, committed 258048K, used 18255K [0x0000000704400000, 0x0000000800000000)
  region size 2048K, 2 young (4096K), 2 survivors (4096K)
 Metaspace       used 17761K, committed 17984K, reserved 1114112K
  class space    used 1811K, committed 1920K, reserved 1048576K
}
Event: 6.974 GC heap before
{Heap before GC invocations=1 (full 0):
 garbage-first heap   total reserved 4124672K, committed 258048K, used 28495K [0x0000000704400000, 0x0000000800000000)
  region size 2048K, 8 young (16384K), 2 survivors (4096K)
 Metaspace       used 21323K, committed 21504K, reserved 1114112K
  class space    used 2152K, committed 2240K, reserved 1048576K
}
Event: 6.977 GC heap after
{Heap after GC invocations=2 (full 0):
 garbage-first heap   total reserved 4124672K, committed 258048K, used 19026K [0x0000000704400000, 0x0000000800000000)
  region size 2048K, 1 young (2048K), 1 survivors (2048K)
 Metaspace       used 21323K, committed 21504K, reserved 1114112K
  class space    used 2152K, committed 2240K, reserved 1048576K
}
Event: 8.214 GC heap before
{Heap before GC invocations=3 (full 0):
 garbage-first heap   total reserved 4124672K, committed 69632K, used 68178K [0x0000000704400000, 0x0000000800000000)
  region size 2048K, 9 young (18432K), 1 survivors (2048K)
 Metaspace       used 23051K, committed 23296K, reserved 1114112K
  class space    used 2346K, committed 2496K, reserved 1048576K
}
Event: 8.216 GC heap after
{Heap after GC invocations=4 (full 0):
 garbage-first heap   total reserved 4124672K, committed 71680K, used 52348K [0x0000000704400000, 0x0000000800000000)
  region size 2048K, 1 young (2048K), 1 survivors (2048K)
 Metaspace       used 23051K, committed 23296K, reserved 1114112K
  class space    used 2346K, committed 2496K, reserved 1048576K
}
Event: 8.229 GC heap before
{Heap before GC invocations=4 (full 0):
 garbage-first heap   total reserved 4124672K, committed 71680K, used 62588K [0x0000000704400000, 0x0000000800000000)
  region size 2048K, 6 young (12288K), 1 survivors (2048K)
 Metaspace       used 23054K, committed 23296K, reserved 1114112K
  class space    used 2346K, committed 2496K, reserved 1048576K
}
Event: 8.231 GC heap after
{Heap after GC invocations=5 (full 0):
 garbage-first heap   total reserved 4124672K, committed 71680K, used 52407K [0x0000000704400000, 0x0000000800000000)
  region size 2048K, 1 young (2048K), 1 survivors (2048K)
 Metaspace       used 23054K, committed 23296K, reserved 1114112K
  class space    used 2346K, committed 2496K, reserved 1048576K
}
Event: 8.245 GC heap before
{Heap before GC invocations=5 (full 0):
 garbage-first heap   total reserved 4124672K, committed 71680K, used 58551K [0x0000000704400000, 0x0000000800000000)
  region size 2048K, 5 young (10240K), 1 survivors (2048K)
 Metaspace       used 23055K, committed 23360K, reserved 1114112K
  class space    used 2346K, committed 2496K, reserved 1048576K
}
Event: 8.247 GC heap after
{Heap after GC invocations=6 (full 0):
 garbage-first heap   total reserved 4124672K, committed 71680K, used 52429K [0x0000000704400000, 0x0000000800000000)
  region size 2048K, 1 young (2048K), 1 survivors (2048K)
 Metaspace       used 23055K, committed 23360K, reserved 1114112K
  class space    used 2346K, committed 2496K, reserved 1048576K
}
Event: 8.755 GC heap before
{Heap before GC invocations=7 (full 0):
 garbage-first heap   total reserved 4124672K, committed 92160K, used 58573K [0x0000000704400000, 0x0000000800000000)
  region size 2048K, 5 young (10240K), 1 survivors (2048K)
 Metaspace       used 23932K, committed 24192K, reserved 1114112K
  class space    used 2456K, committed 2560K, reserved 1048576K
}
Event: 8.756 GC heap after
{Heap after GC invocations=8 (full 0):
 garbage-first heap   total reserved 4124672K, committed 92160K, used 52949K [0x0000000704400000, 0x0000000800000000)
  region size 2048K, 1 young (2048K), 1 survivors (2048K)
 Metaspace       used 23932K, committed 24192K, reserved 1114112K
  class space    used 2456K, committed 2560K, reserved 1048576K
}

Dll operation events (11 events):
Event: 0.007 Loaded shared library C:\Users\uazko\.p2\pool\plugins\org.eclipse.justj.openjdk.hotspot.jre.full.win32.x86_64_22.0.2.v20240802-1626\jre\bin\java.dll
Event: 0.011 Loaded shared library C:\Users\uazko\.p2\pool\plugins\org.eclipse.justj.openjdk.hotspot.jre.full.win32.x86_64_22.0.2.v20240802-1626\jre\bin\zip.dll
Event: 0.179 Loaded shared library C:\Users\uazko\.p2\pool\plugins\org.eclipse.justj.openjdk.hotspot.jre.full.win32.x86_64_22.0.2.v20240802-1626\jre\bin\jimage.dll
Event: 0.196 Loaded shared library C:\Users\uazko\.p2\pool\plugins\org.eclipse.justj.openjdk.hotspot.jre.full.win32.x86_64_22.0.2.v20240802-1626\jre\bin\zip.dll
Event: 0.311 Loaded shared library C:\Users\uazko\.p2\pool\plugins\org.eclipse.justj.openjdk.hotspot.jre.full.win32.x86_64_22.0.2.v20240802-1626\jre\bin\net.dll
Event: 0.312 Loaded shared library C:\Users\uazko\.p2\pool\plugins\org.eclipse.justj.openjdk.hotspot.jre.full.win32.x86_64_22.0.2.v20240802-1626\jre\bin\nio.dll
Event: 0.342 Loaded shared library C:\Users\uazko\.p2\pool\plugins\org.eclipse.justj.openjdk.hotspot.jre.full.win32.x86_64_22.0.2.v20240802-1626\jre\bin\awt.dll
Event: 0.457 Loaded shared library C:\Users\uazko\.p2\pool\plugins\org.eclipse.justj.openjdk.hotspot.jre.full.win32.x86_64_22.0.2.v20240802-1626\jre\bin\freetype.dll
Event: 0.458 Loaded shared library C:\Users\uazko\.p2\pool\plugins\org.eclipse.justj.openjdk.hotspot.jre.full.win32.x86_64_22.0.2.v20240802-1626\jre\bin\fontmanager.dll
Event: 6.950 Loaded shared library C:\Users\uazko\.p2\pool\plugins\org.eclipse.justj.openjdk.hotspot.jre.full.win32.x86_64_22.0.2.v20240802-1626\jre\bin\extnet.dll
Event: 8.187 Loaded shared library C:\Users\uazko\.p2\pool\plugins\org.eclipse.justj.openjdk.hotspot.jre.full.win32.x86_64_22.0.2.v20240802-1626\jre\bin\javajpeg.dll

Deoptimization events (20 events):
Event: 8.521 Thread 0x0000024edaff5060 DEOPT PACKING pc=0x0000024ebd14193e sp=0x0000007a13bfe340
Event: 8.521 Thread 0x0000024edaff5060 DEOPT UNPACKING pc=0x0000024ec4454e42 sp=0x0000007a13bfd7b8 mode 0
Event: 8.521 Thread 0x0000024edaff5060 DEOPT PACKING pc=0x0000024ebd14193e sp=0x0000007a13bfe340
Event: 8.521 Thread 0x0000024edaff5060 DEOPT UNPACKING pc=0x0000024ec4454e42 sp=0x0000007a13bfd7b8 mode 0
Event: 8.522 Thread 0x0000024edaff5060 DEOPT PACKING pc=0x0000024ebd14193e sp=0x0000007a13bfe340
Event: 8.522 Thread 0x0000024edaff5060 DEOPT UNPACKING pc=0x0000024ec4454e42 sp=0x0000007a13bfd7b8 mode 0
Event: 8.593 Thread 0x0000024edaff5060 Uncommon trap: trap_request=0xffffffe4 fr.pc=0x0000024ec4ba23fc relative=0x0000000000002adc
Event: 8.593 Thread 0x0000024edaff5060 Uncommon trap: reason=range_check action=make_not_entrant pc=0x0000024ec4ba23fc method=java.awt.image.DirectColorModel.setFields()V @ 6 c2
Event: 8.593 Thread 0x0000024edaff5060 DEOPT PACKING pc=0x0000024ec4ba23fc sp=0x0000007a13bfeec0
Event: 8.593 Thread 0x0000024edaff5060 DEOPT UNPACKING pc=0x0000024ec44546a2 sp=0x0000007a13bfed08 mode 2
Event: 8.594 Thread 0x0000024ed923fe70 Uncommon trap: trap_request=0xffffff45 fr.pc=0x0000024ec4bf8760 relative=0x0000000000000060
Event: 8.594 Thread 0x0000024ed923fe70 Uncommon trap: reason=unstable_if action=reinterpret pc=0x0000024ec4bf8760 method=java.lang.ref.ReferenceQueue.poll()Ljava/lang/ref/Reference; @ 4 c2
Event: 8.594 Thread 0x0000024ed923fe70 DEOPT PACKING pc=0x0000024ec4bf8760 sp=0x0000007a12bfdb90
Event: 8.594 Thread 0x0000024ed923fe70 DEOPT UNPACKING pc=0x0000024ec44546a2 sp=0x0000007a12bfdb18 mode 2
Event: 8.622 Thread 0x0000024ed923fe70 DEOPT PACKING pc=0x0000024ebd2e3eea sp=0x0000007a12bfdcd0
Event: 8.622 Thread 0x0000024ed923fe70 DEOPT UNPACKING pc=0x0000024ec4454e42 sp=0x0000007a12bfd108 mode 0
Event: 10.770 Thread 0x0000024ed923fe70 Uncommon trap: trap_request=0xffffff45 fr.pc=0x0000024ec4b5a04c relative=0x000000000000012c
Event: 10.770 Thread 0x0000024ed923fe70 Uncommon trap: reason=unstable_if action=reinterpret pc=0x0000024ec4b5a04c method=java.lang.StringCoding.countPositives([BII)I @ 17 c2
Event: 10.770 Thread 0x0000024ed923fe70 DEOPT PACKING pc=0x0000024ec4b5a04c sp=0x0000007a12bfdcf0
Event: 10.770 Thread 0x0000024ed923fe70 DEOPT UNPACKING pc=0x0000024ec44546a2 sp=0x0000007a12bfdc78 mode 2

Classes loaded (20 events):
Event: 8.716 Loading class javax/swing/JTable$Resizable3 done
Event: 8.717 Loading class javax/swing/JTable$2 done
Event: 8.717 Loading class javax/swing/JTable$5
Event: 8.717 Loading class javax/swing/JTable$5 done
Event: 8.761 Loading class javax/swing/JTable$PrintMode
Event: 8.761 Loading class javax/swing/JTable$PrintMode done
Event: 8.761 Loading class javax/swing/table/DefaultTableCellRenderer$UIResource
Event: 8.761 Loading class javax/swing/table/DefaultTableCellRenderer$UIResource done
Event: 9.531 Loading class com/sun/java/swing/plaf/windows/WindowsBorders$ComplementDashedBorder
Event: 9.531 Loading class com/sun/java/swing/plaf/windows/WindowsBorders$ComplementDashedBorder done
Event: 10.764 Loading class java/text/ParseException
Event: 10.764 Loading class java/text/ParseException done
Event: 10.774 Loading class java/util/concurrent/atomic/AtomicReferenceFieldUpdater
Event: 10.774 Loading class java/util/concurrent/atomic/AtomicReferenceFieldUpdater done
Event: 10.774 Loading class java/util/concurrent/atomic/AtomicReferenceFieldUpdater$AtomicReferenceFieldUpdaterImpl
Event: 10.774 Loading class java/util/concurrent/atomic/AtomicReferenceFieldUpdater$AtomicReferenceFieldUpdaterImpl done
Event: 10.774 Loading class java/util/concurrent/atomic/AtomicReferenceFieldUpdater$AtomicReferenceFieldUpdaterImpl$1
Event: 10.774 Loading class java/util/concurrent/atomic/AtomicReferenceFieldUpdater$AtomicReferenceFieldUpdaterImpl$1 done
Event: 10.784 Loading class javax/swing/JTable$4
Event: 10.784 Loading class javax/swing/JTable$4 done

Classes unloaded (0 events):
No events

Classes redefined (0 events):
No events

Internal exceptions (20 events):
Event: 0.336 Thread 0x0000024eb723f2b0 Exception <a 'java/lang/ClassNotFoundException'{0x0000000713d96730}: sun/awt/resources/spi/awtProvider> (0x0000000713d96730) 
thrown [s\src\hotspot\share\classfile\systemDictionary.cpp, line 313]
Event: 0.350 Thread 0x0000024eb723f2b0 Exception <a 'java/io/FileNotFoundException'{0x0000000713decf30}> (0x0000000713decf30) 
thrown [s\src\hotspot\share\prims\jni.cpp, line 520]
Event: 0.355 Thread 0x0000024eb723f2b0 Exception <a 'java/io/FileNotFoundException'{0x0000000713a96260}> (0x0000000713a96260) 
thrown [s\src\hotspot\share\prims\jni.cpp, line 520]
Event: 0.405 Thread 0x0000024ed923fe70 Exception <a 'java/lang/NoSuchMethodError'{0x000000071381fdf8}: 'void java.lang.invoke.DirectMethodHandle$Holder.invokeSpecial(java.lang.Object, java.lang.Object, java.lang.Object)'> (0x000000071381fdf8) 
thrown [s\src\hotspot\share\interpreter\linkResolver.cpp, line 774]
Event: 0.414 Thread 0x0000024ed923fe70 Exception <a 'java/lang/NoSuchMethodError'{0x0000000713832620}: 'void java.lang.invoke.DirectMethodHandle$Holder.invokeStaticInit(java.lang.Object)'> (0x0000000713832620) 
thrown [s\src\hotspot\share\interpreter\linkResolver.cpp, line 774]
Event: 0.418 Thread 0x0000024ed923fe70 Exception <a 'java/lang/NoSuchMethodError'{0x0000000713857998}: 'java.lang.Object java.lang.invoke.DirectMethodHandle$Holder.newInvokeSpecial(java.lang.Object, java.lang.Object, java.lang.Object, java.lang.Object, java.lang.Object)'> (0x0000000713857998) 
thrown [s\src\hotspot\share\interpreter\linkResolver.cpp, line 774]
Event: 0.421 Thread 0x0000024ed923fe70 Exception <a 'java/lang/NoSuchMethodError'{0x00000007138ff398}: 'java.lang.Object java.lang.invoke.DirectMethodHandle$Holder.invokeStatic(java.lang.Object, int, java.lang.Object)'> (0x00000007138ff398) 
thrown [s\src\hotspot\share\interpreter\linkResolver.cpp, line 774]
Event: 0.430 Thread 0x0000024ed923fe70 Exception <a 'java/lang/ClassNotFoundException'{0x0000000713971cd0}: com/sun/java/swing/plaf/windows/resources/spi/windowsProvider> (0x0000000713971cd0) 
thrown [s\src\hotspot\share\classfile\systemDictionary.cpp, line 313]
Event: 0.431 Thread 0x0000024ed923fe70 Exception <a 'java/lang/ClassNotFoundException'{0x0000000713976ba8}: com/sun/swing/internal/plaf/basic/resources/spi/basicProvider> (0x0000000713976ba8) 
thrown [s\src\hotspot\share\classfile\systemDictionary.cpp, line 313]
Event: 0.435 Thread 0x0000024ed923fe70 Exception <a 'java/lang/NoSuchMethodError'{0x00000007139881c8}: 'java.lang.Object java.lang.invoke.DirectMethodHandle$Holder.invokeStatic(java.lang.Object, java.lang.Object, int, java.lang.Object)'> (0x00000007139881c8) 
thrown [s\src\hotspot\share\interpreter\linkResolver.cpp, line 774]
Event: 0.435 Thread 0x0000024ed923fe70 Exception <a 'java/lang/NoSuchMethodError'{0x000000071398e6f8}: 'java.lang.Object java.lang.invoke.DirectMethodHandle$Holder.newInvokeSpecial(java.lang.Object, java.lang.Object, int)'> (0x000000071398e6f8) 
thrown [s\src\hotspot\share\interpreter\linkResolver.cpp, line 774]
Event: 0.478 Thread 0x0000024ed923fe70 Exception <a 'java/lang/NoSuchMethodError'{0x000000071361b088}: 'int java.lang.invoke.Invokers$Holder.invokeExact_MT(java.lang.Object, java.lang.Object)'> (0x000000071361b088) 
thrown [s\src\hotspot\share\interpreter\linkResolver.cpp, line 774]
Event: 0.533 Thread 0x0000024ed92fb540 Exception <a 'java/lang/NoSuchMethodError'{0x000000071345dc60}: 'java.lang.Object java.lang.invoke.DirectMethodHandle$Holder.newInvokeSpecial(java.lang.Object, java.lang.Object, java.lang.Object, int, int, int, int, int)'> (0x000000071345dc60) 
thrown [s\src\hotspot\share\interpreter\linkResolver.cpp, line 774]
Event: 0.771 Thread 0x0000024ed923ebe0 Exception <a 'java/lang/NoSuchMethodError'{0x0000000713bfa0e0}: 'void java.lang.invoke.DirectMethodHandle$Holder.invokeVirtual(java.lang.Object, java.lang.Object)'> (0x0000000713bfa0e0) 
thrown [s\src\hotspot\share\interpreter\linkResolver.cpp, line 774]
Event: 4.624 Thread 0x0000024ed923fe70 Exception <a 'java/lang/NoSuchMethodError'{0x0000000713a8b588}: 'void java.lang.invoke.DirectMethodHandle$Holder.invokeSpecial(java.lang.Object, java.lang.Object, java.lang.Object, java.lang.Object, java.lang.Object)'> (0x0000000713a8b588) 
thrown [s\src\hotspot\share\interpreter\linkResolver.cpp, line 774]
Event: 6.846 Thread 0x0000024ed923fe70 Exception <a 'java/lang/NoSuchMethodError'{0x0000000713b2d6b0}: 'void java.lang.invoke.DirectMethodHandle$Holder.invokeStatic(java.lang.Object, java.lang.Object)'> (0x0000000713b2d6b0) 
thrown [s\src\hotspot\share\interpreter\linkResolver.cpp, line 774]
Event: 6.877 Thread 0x0000024ed923fe70 Exception <a 'java/lang/NoSuchMethodError'{0x0000000713832a18}: 'void java.lang.invoke.DirectMethodHandle$Holder.invokeStatic(java.lang.Object, java.lang.Object, java.lang.Object)'> (0x0000000713832a18) 
thrown [s\src\hotspot\share\interpreter\linkResolver.cpp, line 774]
Event: 6.880 Thread 0x0000024ed923fe70 Exception <a 'java/lang/NoSuchMethodError'{0x0000000713852670}: 'java.lang.Object java.lang.invoke.DirectMethodHandle$Holder.invokeVirtual(java.lang.Object, java.lang.Object, java.lang.Object)'> (0x0000000713852670) 
thrown [s\src\hotspot\share\interpreter\linkResolver.cpp, line 774]
Event: 7.207 Thread 0x0000024ed923fe70 Exception <a 'java/lang/NoSuchMethodError'{0x00000007080868a0}: 'int java.lang.invoke.DirectMethodHandle$Holder.invokeStatic(java.lang.Object)'> (0x00000007080868a0) 
thrown [s\src\hotspot\share\interpreter\linkResolver.cpp, line 774]
Event: 7.212 Thread 0x0000024ed923fe70 Exception <a 'java/lang/NoSuchMethodError'{0x0000000708182e20}: 'java.lang.Object java.lang.invoke.DirectMethodHandle$Holder.newInvokeSpecial(java.lang.Object, int, java.lang.Object)'> (0x0000000708182e20) 
thrown [s\src\hotspot\share\interpreter\linkResolver.cpp, line 774]

ZGC Phase Switch (0 events):
No events

VM Operations (20 events):
Event: 11.777 Executing VM operation: Cleanup
Event: 11.777 Executing VM operation: Cleanup done
Event: 12.791 Executing VM operation: Cleanup
Event: 12.791 Executing VM operation: Cleanup done
Event: 16.836 Executing VM operation: Cleanup
Event: 16.836 Executing VM operation: Cleanup done
Event: 26.882 Executing VM operation: Cleanup
Event: 26.882 Executing VM operation: Cleanup done
Event: 60.064 Executing VM operation: HandshakeAllThreads (HandshakeForDeflation)
Event: 60.064 Executing VM operation: HandshakeAllThreads (HandshakeForDeflation) done
Event: 60.064 Executing VM operation: RendezvousGCThreads
Event: 60.064 Executing VM operation: RendezvousGCThreads done
Event: 590.067 Executing VM operation: Cleanup
Event: 590.067 Executing VM operation: Cleanup done
Event: 1021.287 Executing VM operation: Cleanup
Event: 1021.287 Executing VM operation: Cleanup done
Event: 1166.489 Executing VM operation: Cleanup
Event: 1166.489 Executing VM operation: Cleanup done
Event: 1205.856 Executing VM operation: Cleanup
Event: 1205.856 Executing VM operation: Cleanup done

Memory protections (0 events):
No events

Nmethod flushes (20 events):
Event: 8.260 Thread 0x0000024ed477d3b0 flushing  nmethod 0x0000024ebd0b7010
Event: 8.260 Thread 0x0000024ed477d3b0 flushing  nmethod 0x0000024ebd0b7a90
Event: 8.260 Thread 0x0000024ed477d3b0 flushing  nmethod 0x0000024ebd0bc810
Event: 8.260 Thread 0x0000024ed477d3b0 flushing  nmethod 0x0000024ebd0bcd10
Event: 8.260 Thread 0x0000024ed477d3b0 flushing  nmethod 0x0000024ebd0bd090
Event: 8.260 Thread 0x0000024ed477d3b0 flushing  nmethod 0x0000024ebd113810
Event: 8.260 Thread 0x0000024ed477d3b0 flushing osr nmethod 0x0000024ebd117b90
Event: 8.260 Thread 0x0000024ed477d3b0 flushing  nmethod 0x0000024ebd118110
Event: 8.260 Thread 0x0000024ed477d3b0 flushing  nmethod 0x0000024ebd16d490
Event: 8.260 Thread 0x0000024ed477d3b0 flushing  nmethod 0x0000024ebd16f490
Event: 8.260 Thread 0x0000024ed477d3b0 flushing  nmethod 0x0000024ebd1a5210
Event: 8.260 Thread 0x0000024ed477d3b0 flushing  nmethod 0x0000024ebd1a5890
Event: 8.260 Thread 0x0000024ed477d3b0 flushing  nmethod 0x0000024ebd1a5f90
Event: 8.260 Thread 0x0000024ed477d3b0 flushing  nmethod 0x0000024ebd1a6b10
Event: 8.260 Thread 0x0000024ed477d3b0 flushing  nmethod 0x0000024ebd1a7210
Event: 8.260 Thread 0x0000024ed477d3b0 flushing  nmethod 0x0000024ebd1caf10
Event: 8.260 Thread 0x0000024ed477d3b0 flushing  nmethod 0x0000024ebd1cf490
Event: 8.260 Thread 0x0000024ed477d3b0 flushing  nmethod 0x0000024ebd244110
Event: 8.260 Thread 0x0000024ed477d3b0 flushing  nmethod 0x0000024ebd263090
Event: 8.260 Thread 0x0000024ed477d3b0 flushing  nmethod 0x0000024ebd270210

Events (20 events):
Event: 4.107 Thread 0x0000024ed484b430 Thread exited: 0x0000024ed484b430
Event: 4.614 Thread 0x0000024ed484d640 Thread added: 0x0000024ed484a690
Event: 4.615 Thread 0x0000024ed484ad60 Thread added: 0x0000024ed484b430
Event: 4.617 Thread 0x0000024ed484ad60 Thread added: 0x0000024ed484c8a0
Event: 4.620 Thread 0x0000024ed4819e30 Thread added: 0x0000024ed484cf70
Event: 4.809 Thread 0x0000024ed484cf70 Thread exited: 0x0000024ed484cf70
Event: 4.809 Thread 0x0000024ed484c8a0 Thread exited: 0x0000024ed484c8a0
Event: 5.649 Thread 0x0000024ed92fb540 Thread exited: 0x0000024ed92fb540
Event: 6.847 Thread 0x0000024ed923fe70 Thread added: 0x0000024edaff4340
Event: 6.870 Thread 0x0000024ed484d640 Thread added: 0x0000024ed4849fc0
Event: 6.872 Thread 0x0000024ed484a690 Thread added: 0x0000024ed484c1d0
Event: 7.301 Thread 0x0000024ed484c1d0 Thread exited: 0x0000024ed484c1d0
Event: 7.442 Thread 0x0000024ed4849fc0 Thread exited: 0x0000024ed4849fc0
Event: 8.185 Thread 0x0000024ed923fe70 Thread added: 0x0000024edaff5060
Event: 8.361 Thread 0x0000024ed4819e30 Thread added: 0x0000024ed484bb00
Event: 8.877 Thread 0x0000024ed484bb00 Thread exited: 0x0000024ed484bb00
Event: 13.602 Thread 0x0000024edaff5060 Thread exited: 0x0000024edaff5060
Event: 15.942 Thread 0x0000024ed484b430 Thread exited: 0x0000024ed484b430
Event: 15.942 Thread 0x0000024ed484a690 Thread exited: 0x0000024ed484a690
Event: 15.942 Thread 0x0000024ed484ad60 Thread exited: 0x0000024ed484ad60


Dynamic libraries:
0x00007ff695730000 - 0x00007ff69573e000 	C:\Users\uazko\.p2\pool\plugins\org.eclipse.justj.openjdk.hotspot.jre.full.win32.x86_64_22.0.2.v20240802-1626\jre\bin\javaw.exe
0x00007ffe64f10000 - 0x00007ffe65127000 	C:\Windows\SYSTEM32\ntdll.dll
0x00007ffe64a60000 - 0x00007ffe64b24000 	C:\Windows\System32\KERNEL32.DLL
0x00007ffe62170000 - 0x00007ffe62541000 	C:\Windows\System32\KERNELBASE.dll
0x00007ffe629a0000 - 0x00007ffe62ab1000 	C:\Windows\System32\ucrtbase.dll
0x00007ffe0ea40000 - 0x00007ffe0ea57000 	C:\Users\uazko\.p2\pool\plugins\org.eclipse.justj.openjdk.hotspot.jre.full.win32.x86_64_22.0.2.v20240802-1626\jre\bin\jli.dll
0x00007ffe0ea20000 - 0x00007ffe0ea3b000 	C:\Users\uazko\.p2\pool\plugins\org.eclipse.justj.openjdk.hotspot.jre.full.win32.x86_64_22.0.2.v20240802-1626\jre\bin\VCRUNTIME140.dll
0x00007ffe63850000 - 0x00007ffe63a01000 	C:\Windows\System32\USER32.dll
0x00007ffe628f0000 - 0x00007ffe62916000 	C:\Windows\System32\win32u.dll
0x00007ffe4ad60000 - 0x00007ffe4aff2000 	C:\Windows\WinSxS\amd64_microsoft.windows.common-controls_6595b64144ccf1df_6.0.22621.4830_none_270fe7d773858e80\COMCTL32.dll
0x00007ffe63dd0000 - 0x00007ffe63df9000 	C:\Windows\System32\GDI32.dll
0x00007ffe62ac0000 - 0x00007ffe62bdb000 	C:\Windows\System32\gdi32full.dll
0x00007ffe64d90000 - 0x00007ffe64e37000 	C:\Windows\System32\msvcrt.dll
0x00007ffe62050000 - 0x00007ffe620ea000 	C:\Windows\System32\msvcp_win.dll
0x00007ffe64b40000 - 0x00007ffe64b71000 	C:\Windows\System32\IMM32.DLL
0x00007ffe54ba0000 - 0x00007ffe54bac000 	C:\Users\uazko\.p2\pool\plugins\org.eclipse.justj.openjdk.hotspot.jre.full.win32.x86_64_22.0.2.v20240802-1626\jre\bin\vcruntime140_1.dll
0x00007ffe02910000 - 0x00007ffe0299e000 	C:\Users\uazko\.p2\pool\plugins\org.eclipse.justj.openjdk.hotspot.jre.full.win32.x86_64_22.0.2.v20240802-1626\jre\bin\msvcp140.dll
0x00007ffdc2020000 - 0x00007ffdc2de3000 	C:\Users\uazko\.p2\pool\plugins\org.eclipse.justj.openjdk.hotspot.jre.full.win32.x86_64_22.0.2.v20240802-1626\jre\bin\server\jvm.dll
0x00007ffe63be0000 - 0x00007ffe63c91000 	C:\Windows\System32\ADVAPI32.dll
0x00007ffe63ca0000 - 0x00007ffe63d47000 	C:\Windows\System32\sechost.dll
0x00007ffe62750000 - 0x00007ffe62778000 	C:\Windows\System32\bcrypt.dll
0x00007ffe63e10000 - 0x00007ffe63f24000 	C:\Windows\System32\RPCRT4.dll
0x00007ffe63d50000 - 0x00007ffe63dc1000 	C:\Windows\System32\WS2_32.dll
0x00007ffe5d410000 - 0x00007ffe5d444000 	C:\Windows\SYSTEM32\WINMM.dll
0x00007ffe61f20000 - 0x00007ffe61f6d000 	C:\Windows\SYSTEM32\POWRPROF.dll
0x00007ffe45ed0000 - 0x00007ffe45eda000 	C:\Windows\SYSTEM32\VERSION.dll
0x00007ffe61e50000 - 0x00007ffe61e63000 	C:\Windows\SYSTEM32\UMPDC.dll
0x00007ffe61060000 - 0x00007ffe61078000 	C:\Windows\SYSTEM32\kernel.appcore.dll
0x00007ffe558e0000 - 0x00007ffe558ea000 	C:\Users\uazko\.p2\pool\plugins\org.eclipse.justj.openjdk.hotspot.jre.full.win32.x86_64_22.0.2.v20240802-1626\jre\bin\jimage.dll
0x00007ffe5f4a0000 - 0x00007ffe5f6d2000 	C:\Windows\SYSTEM32\DBGHELP.DLL
0x00007ffe63f30000 - 0x00007ffe642c0000 	C:\Windows\System32\combase.dll
0x00007ffe64cb0000 - 0x00007ffe64d87000 	C:\Windows\System32\OLEAUT32.dll
0x00007ffe3ae70000 - 0x00007ffe3aea2000 	C:\Windows\SYSTEM32\dbgcore.DLL
0x00007ffe62920000 - 0x00007ffe6299b000 	C:\Windows\System32\bcryptPrimitives.dll
0x00007ffe54ad0000 - 0x00007ffe54aee000 	C:\Users\uazko\.p2\pool\plugins\org.eclipse.justj.openjdk.hotspot.jre.full.win32.x86_64_22.0.2.v20240802-1626\jre\bin\java.dll
0x00007ffe62da0000 - 0x00007ffe63628000 	C:\Windows\System32\SHELL32.dll
0x00007ffe62610000 - 0x00007ffe6274f000 	C:\Windows\System32\wintypes.dll
0x00007ffe63630000 - 0x00007ffe637d1000 	C:\Windows\System32\ole32.dll
0x00007ffe4cef0000 - 0x00007ffe4cf07000 	C:\Users\uazko\.p2\pool\plugins\org.eclipse.justj.openjdk.hotspot.jre.full.win32.x86_64_22.0.2.v20240802-1626\jre\bin\zip.dll
0x00007ffe5ff60000 - 0x00007ffe6086d000 	C:\Windows\SYSTEM32\windows.storage.dll
0x00007ffe64b80000 - 0x00007ffe64c8a000 	C:\Windows\System32\SHCORE.dll
0x00007ffe649b0000 - 0x00007ffe64a0e000 	C:\Windows\System32\shlwapi.dll
0x00007ffe61f80000 - 0x00007ffe61fab000 	C:\Windows\SYSTEM32\profapi.dll
0x00007ffe558d0000 - 0x00007ffe558e0000 	C:\Users\uazko\.p2\pool\plugins\org.eclipse.justj.openjdk.hotspot.jre.full.win32.x86_64_22.0.2.v20240802-1626\jre\bin\net.dll
0x00007ffe614c0000 - 0x00007ffe6152a000 	C:\Windows\system32\mswsock.dll
0x00007ffe4cea0000 - 0x00007ffe4ceb6000 	C:\Users\uazko\.p2\pool\plugins\org.eclipse.justj.openjdk.hotspot.jre.full.win32.x86_64_22.0.2.v20240802-1626\jre\bin\nio.dll
0x00007ffe0ed30000 - 0x00007ffe0eebd000 	C:\Users\uazko\.p2\pool\plugins\org.eclipse.justj.openjdk.hotspot.jre.full.win32.x86_64_22.0.2.v20240802-1626\jre\bin\awt.dll
0x00007ffe5cb70000 - 0x00007ffe5cc07000 	C:\Windows\SYSTEM32\apphelp.dll
0x00007ffe5f180000 - 0x00007ffe5f233000 	C:\Windows\system32\uxtheme.dll
0x00007ffe647f0000 - 0x00007ffe6494d000 	C:\Windows\System32\MSCTF.dll
0x00007ffe5f710000 - 0x00007ffe5f73b000 	C:\Windows\system32\DWMAPI.DLL
0x00007ffe296c0000 - 0x00007ffe297c0000 	C:\Windows\system32\opengl32.dll
0x00007ffe481e0000 - 0x00007ffe4820d000 	C:\Windows\SYSTEM32\GLU32.dll
0x00007ffe5f2b0000 - 0x00007ffe5f2e7000 	C:\Windows\SYSTEM32\dxcore.dll
0x00007ffe1d6d0000 - 0x00007ffe1d757000 	C:\Users\uazko\.p2\pool\plugins\org.eclipse.justj.openjdk.hotspot.jre.full.win32.x86_64_22.0.2.v20240802-1626\jre\bin\freetype.dll
0x00007ffe0f060000 - 0x00007ffe0f138000 	C:\Users\uazko\.p2\pool\plugins\org.eclipse.justj.openjdk.hotspot.jre.full.win32.x86_64_22.0.2.v20240802-1626\jre\bin\fontmanager.dll
0x00007ffe62cf0000 - 0x00007ffe62da0000 	C:\Windows\System32\clbcatq.dll
0x00007ffe5ef40000 - 0x00007ffe5f0f0000 	C:\Windows\SYSTEM32\WindowsCodecs.dll
0x00007ffe49840000 - 0x00007ffe4989e000 	C:\Windows\system32\dataexchange.dll
0x00007ffe5e5e0000 - 0x00007ffe5e885000 	C:\Windows\system32\twinapi.appcore.dll
0x00007ffe4c5b0000 - 0x00007ffe4c6f3000 	C:\Windows\SYSTEM32\textinputframework.dll
0x00007ffe5c770000 - 0x00007ffe5c8a5000 	C:\Windows\SYSTEM32\CoreMessaging.dll
0x00007ffe59580000 - 0x00007ffe598ec000 	C:\Windows\SYSTEM32\CoreUIComponents.dll
0x00007ffe616c0000 - 0x00007ffe616cc000 	C:\Windows\SYSTEM32\CRYPTBASE.DLL
0x00007ffe305b0000 - 0x00007ffe305c7000 	C:\Windows\SYSTEM32\wtdccm.dll
0x00007ffe60b90000 - 0x00007ffe60c92000 	C:\Windows\SYSTEM32\DNSAPI.dll
0x00007ffe60b10000 - 0x00007ffe60b3d000 	C:\Windows\SYSTEM32\IPHLPAPI.DLL
0x00007ffe647e0000 - 0x00007ffe647e9000 	C:\Windows\System32\NSI.dll
0x00007ffe5d3d0000 - 0x00007ffe5d3da000 	C:\Windows\System32\rasadhlp.dll
0x00007ffe5ccb0000 - 0x00007ffe5cd33000 	C:\Windows\System32\fwpuclnt.dll
0x00007ffe498a0000 - 0x00007ffe498a9000 	C:\Users\uazko\.p2\pool\plugins\org.eclipse.justj.openjdk.hotspot.jre.full.win32.x86_64_22.0.2.v20240802-1626\jre\bin\extnet.dll
0x00007ffe308b0000 - 0x00007ffe30963000 	C:\Windows\WinSxS\amd64_microsoft.windows.common-controls_6595b64144ccf1df_5.82.22621.3527_none_b43b7f4b638cc64f\comctl32.dll
0x00007ffe0e8c0000 - 0x00007ffe0e8ee000 	C:\Users\uazko\.p2\pool\plugins\org.eclipse.justj.openjdk.hotspot.jre.full.win32.x86_64_22.0.2.v20240802-1626\jre\bin\javajpeg.dll

dbghelp: loaded successfully - version: 4.0.5 - missing functions: none
symbol engine: initialized successfully - sym options: 0x614 - pdb path: .;C:\Users\uazko\.p2\pool\plugins\org.eclipse.justj.openjdk.hotspot.jre.full.win32.x86_64_22.0.2.v20240802-1626\jre\bin;C:\Windows\SYSTEM32;C:\Windows\WinSxS\amd64_microsoft.windows.common-controls_6595b64144ccf1df_6.0.22621.4830_none_270fe7d773858e80;C:\Users\uazko\.p2\pool\plugins\org.eclipse.justj.openjdk.hotspot.jre.full.win32.x86_64_22.0.2.v20240802-1626\jre\bin\server;C:\Windows\WinSxS\amd64_microsoft.windows.common-controls_6595b64144ccf1df_5.82.22621.3527_none_b43b7f4b638cc64f

VM Arguments:
jvm_args: -Dfile.encoding=UTF-8 -Dstdout.encoding=UTF-8 -Dstderr.encoding=UTF-8 -XX:+ShowCodeDetailsInExceptionMessages 
java_command: controlador.Principal
java_class_path (initial): C:\Users\uazko\Documents\Reto\retoFinal\bin;C:\Users\uazko\Documents\Reto\retoFinal\conector\Conector\mysql-connector-java-8.0.15.jar;C:\Users\uazko\.p2\pool\plugins\junit-jupiter-api_5.11.0.jar;C:\Users\uazko\.p2\pool\plugins\junit-jupiter-engine_5.11.0.jar;C:\Users\uazko\.p2\pool\plugins\junit-jupiter-migrationsupport_5.11.0.jar;C:\Users\uazko\.p2\pool\plugins\junit-jupiter-params_5.11.0.jar;C:\Users\uazko\.p2\pool\plugins\junit-platform-commons_1.11.0.jar;C:\Users\uazko\.p2\pool\plugins\junit-platform-engine_1.11.0.jar;C:\Users\uazko\.p2\pool\plugins\junit-platform-launcher_1.11.0.jar;C:\Users\uazko\.p2\pool\plugins\junit-platform-runner_1.11.0.jar;C:\Users\uazko\.p2\pool\plugins\junit-platform-suite-api_1.11.0.jar;C:\Users\uazko\.p2\pool\plugins\junit-platform-suite-engine_1.11.0.jar;C:\Users\uazko\.p2\pool\plugins\junit-platform-suite-commons_1.11.0.jar;C:\Users\uazko\.p2\pool\plugins\junit-vintage-engine_5.11.0.jar;C:\Users\uazko\.p2\pool\plugins\org.opentest4j_1.3.0.jar;C:\Users\uazko\.p2\pool\plugins\org.apiguardian.api_1.1.2.jar;C:\Users\uazko\.p2\pool\plugins\org.junit_4.13.2.v20230809-1000.jar;C:\Users\uazko\.p2\pool\plugins\org.hamcrest_3.0.0.jar;C:\Users\uazko\.p2\pool\plugins\org.hamcrest.core_2.2.0.v20230809-1000.jar
Launcher Type: SUN_STANDARD

[Global flags]
     intx CICompilerCount                          = 12                                        {product} {ergonomic}
     uint ConcGCThreads                            = 3                                         {product} {ergonomic}
     uint G1ConcRefinementThreads                  = 13                                        {product} {ergonomic}
   size_t G1HeapRegionSize                         = 2097152                                   {product} {ergonomic}
   size_t InitialHeapSize                          = 264241152                                 {product} {ergonomic}
   size_t MarkStackSize                            = 4194304                                   {product} {ergonomic}
   size_t MaxHeapSize                              = 4223664128                                {product} {ergonomic}
   size_t MaxNewSize                               = 2533359616                                {product} {ergonomic}
   size_t MinHeapDeltaBytes                        = 2097152                                   {product} {ergonomic}
   size_t MinHeapSize                              = 8388608                                   {product} {ergonomic}
    uintx NonNMethodCodeHeapSize                   = 7602480                                {pd product} {ergonomic}
    uintx NonProfiledCodeHeapSize                  = 122027880                              {pd product} {ergonomic}
    uintx ProfiledCodeHeapSize                     = 122027880                              {pd product} {ergonomic}
    uintx ReservedCodeCacheSize                    = 251658240                              {pd product} {ergonomic}
     bool SegmentedCodeCache                       = true                                      {product} {ergonomic}
     bool ShowCodeDetailsInExceptionMessages       = true                                   {manageable} {command line}
   size_t SoftMaxHeapSize                          = 4223664128                             {manageable} {ergonomic}
     bool UseCompressedOops                        = true                           {product lp64_product} {ergonomic}
     bool UseG1GC                                  = true                                      {product} {ergonomic}
     bool UseLargePagesIndividualAllocation        = false                                  {pd product} {ergonomic}

Logging:
Log output configuration:
 #0: stdout all=warning uptime,level,tags foldmultilines=false
 #1: stderr all=off uptime,level,tags foldmultilines=false

Environment Variables:
PATH=C:/Users/uazko/.p2/pool/plugins/org.eclipse.justj.openjdk.hotspot.jre.full.win32.x86_64_22.0.2.v20240802-1626/jre/bin/server;C:/Users/uazko/.p2/pool/plugins/org.eclipse.justj.openjdk.hotspot.jre.full.win32.x86_64_22.0.2.v20240802-1626/jre/bin;C:\Program Files\Common Files\Oracle\Java\javapath;C:\Program Files (x86)\Common Files\Oracle\Java\javapath;C:\Windows\system32;C:\Windows;C:\Windows\System32\Wbem;C:\Windows\System32\WindowsPowerShell\v1.0\;C:\Windows\System32\OpenSSH\;C:\Users\uazko\Desktop\Git\cmd;C:\Program Files (x86)\BaseX\bin;C:\Users\uazko\AppData\Local\Microsoft\WindowsApps;C:\Users\uazko\AppData\Local\Programs\Microsoft VS Code\bin;C:\Users\uazko\Desktop;
USERNAME=uazko
OS=Windows_NT
PROCESSOR_IDENTIFIER=Intel64 Family 6 Model 154 Stepping 3, GenuineIntel
TMP=C:\Users\uazko\AppData\Local\Temp
TEMP=C:\Users\uazko\AppData\Local\Temp




Periodic native trim disabled

---------------  S Y S T E M  ---------------

OS:
 Windows 11 , 64 bit Build 22621 (10.0.22621.4974)
OS uptime: 5 days 20:38 hours
Hyper-V role detected

CPU: total 16 (initial active 16) (8 cores per cpu, 2 threads per core) family 6 model 154 stepping 3 microcode 0x429, cx8, cmov, fxsr, ht, mmx, 3dnowpref, sse, sse2, sse3, ssse3, sse4.1, sse4.2, popcnt, lzcnt, tsc, tscinvbit, avx, avx2, aes, erms, clmul, bmi1, bmi2, adx, sha, fma, vzeroupper, clflush, clflushopt, clwb, hv, serialize, rdtscp, rdpid, fsrm, f16c, cet_ibt, cet_ss
Processor Information for processor 0
  Max Mhz: 2500, Current Mhz: 2500, Mhz Limit: 2500
Processor Information for processor 1
  Max Mhz: 2500, Current Mhz: 2500, Mhz Limit: 2500
Processor Information for processor 2
  Max Mhz: 2500, Current Mhz: 2500, Mhz Limit: 2500
Processor Information for processor 3
  Max Mhz: 2500, Current Mhz: 2500, Mhz Limit: 2500
Processor Information for processor 4
  Max Mhz: 2500, Current Mhz: 2500, Mhz Limit: 2500
Processor Information for processor 5
  Max Mhz: 2500, Current Mhz: 2500, Mhz Limit: 2500
Processor Information for processor 6
  Max Mhz: 2500, Current Mhz: 2500, Mhz Limit: 2500
Processor Information for processor 7
  Max Mhz: 2500, Current Mhz: 2500, Mhz Limit: 2500
Processor Information for processor 8
  Max Mhz: 2500, Current Mhz: 1800, Mhz Limit: 1800
Processor Information for processor 9
  Max Mhz: 2500, Current Mhz: 1800, Mhz Limit: 1800
Processor Information for processor 10
  Max Mhz: 2500, Current Mhz: 1800, Mhz Limit: 1800
Processor Information for processor 11
  Max Mhz: 2500, Current Mhz: 1800, Mhz Limit: 1800
Processor Information for processor 12
  Max Mhz: 2500, Current Mhz: 1800, Mhz Limit: 1800
Processor Information for processor 13
  Max Mhz: 2500, Current Mhz: 1800, Mhz Limit: 1800
Processor Information for processor 14
  Max Mhz: 2500, Current Mhz: 1800, Mhz Limit: 1800
Processor Information for processor 15
  Max Mhz: 2500, Current Mhz: 1800, Mhz Limit: 1800

Memory: 4k page, system-wide physical 16107M (5093M free)
TotalPageFile size 24299M (AvailPageFile size 7342M)
current process WorkingSet (physical memory assigned to process): 91M, peak: 175M
current process commit charge ("private bytes"): 216M, peak: 384M

vm_info: OpenJDK 64-Bit Server VM (22.0.2+9) for windows-amd64 JRE (22.0.2+9), built on 2024-07-16T00:00:00Z by "admin" with MS VC++ 17.7 (VS2022)

END.
